MAKE START: 2026-06-12 10:39:57.851954929
make[1]: Entering directory '/mnt/d/common/out/best1306p'
!!IBRT_UI!!
ANC_APP
../../config/common.mk:1189: OS_TIMER_NUM=10
!!ANC_APP
BT_SVC_FW_PRODUCT=BT_SVC_FW_PRODUCT_EARBUDS
!!!IS_BES_OTA_USE_CUSTOM_RFCOMM_UUID!!!
IS_BES_BATTERY_MANAGER_ENABLED
../../config/common.mk:2573: IBRT_RIGHT_MASTER
!! POWER_ON_ENTER_TWS_PAIRING_ENABLED !!
../../config/common.mk:3445: ENGINEER_MODE
../../config/common.mk:3450: FACTORY_MODE
NEW_NV_RECORD_ENABLED
../../config/common.mk:3742: IS_AUTOPOWEROFF_ENABLED
../../config/common.mk:4696: SPEECH_CODEC_CAPTURE_CHANNEL_NUM=1
../../config/common.mk:5558: SPP_EQ_TUNING
USE_BASIC_THREADS
!!!BES_OTA!!!
../../config/common.mk:6575: CHIP_SIMULATOR
----------common.mk in flash---------------------
FLASH_REMAP: 0
NEW_IMAGE_FLASH_OFFSET: 0x260000
OTA_CODE_OFFSET: 0x18000
-------------------------------
-------------------------------
REVISION_INFO: :best1306p
-------------------------------
/mnt/d/common/Makefile:947: TRACE_CRLF
BESUI_COMM_EN...
root_dir /mnt/d/common
  CC      utils/cqueue/cqueue.o
  CC      utils/stream_mcps/stream_mcps.o
  CC      utils/list/list.o
  CC      utils/sha256/sha256.o
  USELIB  utils/intersyshci/libintersyshci_enhanced_stack_ble_gfps_anc.a
  CC      utils/xyzmodem/xyzmodem.o
  USELIB  utils/encrypt/libcryption_ble_gfps_anc.a
  CC      utils/boot_struct/boot_struct.o
  LDS     _best1000_1306.lds
  CC      utils/libc/libc_rom.o
  CC      utils/crash_catcher/CrashCatcher.o
  CC      config/best1306p/tgt_hardware.o
  AR      utils/intersyshci/built-in.a
  CC      utils/libc/libc_rom_mem.o
  AR      utils/encrypt/built-in.a
  CC      utils/crash_catcher/HexDump.o
I2C_TASK_MODE
I2C_SIMPLE_MODE
  AS      utils/crash_catcher/CrashCatcher_armv7m.o
SLEEP_STATS_TRACE
DEBUG_SLEEP_USER
WAKEUP_SRC_STATS
CACHE_STATS
SYSFREQ_STATS
TRACE_BAUD_RATE=10*115200
CRASH_REBOOT
CORE_DUMP=1
TRACE_CRLF=1
DEBUG_PORT=1
  C++     utils/rom_utils/best1306p/rom_utils_init.o
  AS      utils/rom_utils/best1306p/rom_utils.o
  AS      utils/rom_utils/best1306p/rom_utils_speech_v1.o
  USELIB  multimedia/best1306p_libmultimedia_romaac_cp_ble_gfps_anc.a
  AS      utils/rom_utils/best1306p/rom_utils_speech_v2.o
  AS      utils/rom_utils/best1306p/rom_utils_speech_v3.o
  AS      utils/rom_utils/best1306p/rom_utils_v1.o
  AS      platform/main/startup_main.o
../../apps/main/Makefile:184: ENGINEER_MODE
  CC      rtos/rtx5/cmsis_os1.o
  C++     platform/main/main.o
  CC      platform/cmsis/cmsis_nvic.o
  CC      platform/cmsis/dwt.o
  CC      rtos/rtx5/os_systick.o
enable HW_DAC_IIR_EQ_PROCESS
  CC      platform/cmsis/mpu_armv7m.o
  C++     apps/cmd/app_cmd.o
  C++     apps/bt_sync/app_bt_sync.o
  C++     apps/mic/app_mic.o
  C++     apps/battery/app_battery.o
  C++     apps/key/app_key.o
../../services/../bthost/Makefile:62: BTHOST_DEBUG
  C++     apps/pwl/app_pwl.o
  CC      platform/cmsis/mpu_armv8m.o
  CC      multimedia/speech/armcc/speech_armcc_func.o
  C++     apps/besui/besui_common.o
  CC      rtos/rtx5/rtx_delay.o
  C++     apps/ota/app_ibrt_ota_cmd.o
  C++     apps/btapp/bt_app_api.o
  CC      multimedia/inc/audio/process/anc/cfg/anc_cfg.o
  CC      multimedia/inc/audio/process/filters/cfg/eq_cfg.o
  CC      multimedia/inc/audio/process/resample/coef/resample_coef.o
  CC      apps/factory/app_factory_cdc_comm.o
  CC      platform/drivers/sbcacc/sbcaac_dummy.o
  CC      apps/common/app_thread.o
  USELIB  services/../utils/hsm/libhsm_ble_gfps_anc.a
  CC      platform/drivers/btpcm/btpcm.o
  C++     apps/main/apps.o
  CC      platform/drivers/spi_norflash/spi_norflash_drv.o
  CC      platform/drivers/cp_accel/cp_accel.o
  CC      services/../utils/kfifo/kfifo.o
  USELIB  services/audio_manager/libaudio_manager_ble_gfps_anc.a
  CC      services/../utils/crc/crc_c.o
  CC      apps/app_test/audio_test/audio_kws_test.o
  CC      platform/drivers/codec/codec_tlv32aic32.o
  CC      apps/anc/src/app_anc.o
  AR      services/../utils/hsm/built-in.a
  CC      services/../utils/heap/heap_api.o
  CC      platform/drivers/norflash/norflash_drv.o
  CC      services/audioflinger/af_stream_sw_gain.o
  C++     services/aiwang_services/ble_sparrow_server.o
  CC      platform/main/../../utils/hwtimer_list/hwtimer_list.o
  CC      services/audio_process/audio_cfg.o
  CC      platform/drivers/bt/bt_drv_common.o
  AR      platform/drivers/sbcacc/built-in.a
  CC      services/audio_dump/src/audio_dump.o
  AR      services/audio_manager/built-in.a
  CC      services/audio_bt/bt_xtal_sync.o
  CC      apps/audioplayers/app_audio_thread.o
  C++     apps/earbuds/conn/app_ibrt_customif_cmd.o
  CC      apps/anc/src/app_anc_assist_trigger.o
  USELIB  platform/drivers/usb/usb_dev/libusbdev.a
  CC      platform/drivers/ana/best1306p/analog_best1306p.o
  CC      platform/drivers/codec/best1306p/codec_best1306p.o
  CC      platform/drivers/usb/usb_dev/cfg/usb_dev_desc.o
  C++     services/../bthost/bt_vendor/bt_vendor_api.o
  AR      apps/cmd/built-in.a
  AR      utils/stream_mcps/built-in.a
  CC      platform/drivers/ana/best1306p/charger_best1306p.o
  CC      platform/hal/hal_bootmode.o
  CC      services/audioflinger/audioflinger.o
  AR      utils/boot_struct/built-in.a
  CC      services/../bthost/adapter/src/adapter_service.o
  AR      services/../utils/crc/built-in.a
  CC      platform/drivers/ana/best1306p/pmu_best1306p.o
  AR      utils/xyzmodem/built-in.a
  C++     apps/main/apps_tester.o
  CC      platform/drivers/ana/best1306p/rf_xtal_best1306p.o
  C++     apps/ota/app_ibrt_ota_update.o
  CC      services/audio_dump/src/data_dump_tota.o
  CC      apps/app_test/audio_test/audio_test_app_mcpp.o
  CC      apps/factory/sys_api_cdc_comm.o
  AR      utils/sha256/built-in.a
  CC      platform/cmsis/mpu_cfg.o
  AR      utils/list/built-in.a
  CC      apps/app_test/audio_test/audio_test_cmd.o
  CC      services/../utils/heap/multi_heap.o
  CC      rtos/rtx5/rtx_evflags.o
  AR      utils/cqueue/built-in.a
  USELIB  services/btservice/btservice_multipoint_ble_gfps_anc.a
  CC      apps/app_test/audio_test/audio_test_hifi.o
  AR      multimedia/speech/armcc/built-in.a
  AR      utils/libc/built-in.a
  CC      services/audio_dump/src/data_dump_usb.o
  CC      platform/drivers/norflash/norflash_en25s80b.o
  CC      apps/app_test/audio_test/audio_test_stream.o
  AR      utils/crash_catcher/built-in.a
  CC      platform/drivers/cp_accel/cp_queue.o
  CC      platform/hal/hal_btdump.o
  AR      platform/drivers/btpcm/built-in.a
  AR      services/../utils/kfifo/built-in.a
  C++     services/audio_bt/app_bt_media_manager.o
  CC      services/../utils/heap/multi_heap_poisoning.o
  AR      services/btservice/built-in.a
  C++     services/aiwang_services/charger_ntc.o
  CC      apps/audioplayers/bt_sco_chain_cfg_default.o
  CC      rtos/rtx5/rtx_evr.o
  C++     services/audio_bt/app_bt_stream.o
  AR      multimedia/inc/audio/process/resample/coef/built-in.a
  AR      platform/drivers/usb/usb_dev/built-in.a
  AR      utils/rom_utils/best1306p_librom_utils_ble_gfps_anc.a
  CC      platform/cmsis/patch.o
  CC      services/../bthost/porting/os_porting.o
  C++     apps/factory/app_factory.o
  CC      platform/cmsis/patch_armv7m.o
  C++     services/audio_bt/app_bt_stream_pcm_player.o
  C++     services/audio_bt/app_media_player.o
  C++     apps/besui/besui_hfp.o
  AR      utils/rom_utils/built-in.a
  C++     services/audio_bt/app_noise_estimation.o
  C++     apps/earbuds/conn/app_ibrt_customif_ui.o
  CC      platform/hal/hal_btpcm.o
  CC      platform/drivers/bt/bt_drv_cpudump.o
  AR      platform/drivers/spi_norflash/built-in.a
  C++     apps/earbuds/conn/app_tws_ibrt_ui_test.o
  AR      multimedia/inc/audio/process/anc/cfg/built-in.a
  AR      platform/drivers/usb/built-in.a
  AR      platform/main/../../utils/hwtimer_list/built-in.a
  CC      apps/common/app_trace_rx.o
  CC      apps/app_test/audio_test/audio_vad_test.o
  C++     apps/earbuds/app_ibrt/src/app_fpga_test_proxy.o
  CC      services/../utils/heap/pool_api.o
  CC      platform/drivers/norflash/norflash_gd25lq32c.o
  C++     apps/earbuds/app_ibrt/src/app_ibrt_auto_test.o
  C++     apps/factory/app_factory_audio.o
  CC      platform/cmsis/reloc_run.o
  CC      platform/cmsis/stack_protector.o
  CC      platform/cmsis/system_ARMCM.o
  CC      services/audio_process/audio_process.o
  AR      platform/drivers/codec/best1306p/built-in.a
  CC      services/audio_process/audio_process_sync.o
  CC      apps/common/app_uart_dma_thread.o
  CC      platform/drivers/bt/bt_drv_iq_common.o
  AR      platform/drivers/codec/built-in.a
  CC      platform/hal/hal_cache.o
  CC      nn/cmsis-nn//Source/ActivationFunctions/arm_nn_activation_s16.o
  AR      platform/drivers/ana/best1306p/built-in.a
  CC      apps/common/app_utils.o
  CC      apps/main/../../config/_default_cfg_src_/app_status_ind.o
  CC      platform/cmsis/system_cp.o
  C++     apps/earbuds/app_ibrt/src/app_ibrt_auto_test_cmd_handle.o
  AR      services/../bthost/porting/built-in.a
  CC      rtos/rtx5/rtx_kernel.o
  AR      multimedia/inc/audio/process/filters/cfg/built-in.a
  CC      platform/drivers/norflash/norflash_gd25q32c.o
  CC      rtos/rtx5/rtx_lib.o
  CC      rtos/rtx5/rtx_memory.o
  AR      services/audioflinger/built-in.a
  CC      apps/main/../../utils/codec_calib/codec_calib.o
  AR      services/audio_dump/built-in.a
  AR      platform/drivers/cp_accel/built-in.a
  AR      platform/drivers/ana/built-in.a
  AR      multimedia/built-in.a
  AR      config/built-in.a
  AS      platform/drivers/bt/bt_ramrun_bin.o
  CC      platform/hal/hal_cache_arm.o
  CC      rtos/rtx5/rtx_mempool.o
  CC      services/audio_process/audio_process_vol.o
  CC      rtos/rtx5/rtx_msgqueue.o
  CC      rtos/rtx5/rtx_mutex.o
  C++     apps/factory/app_factory_bt.o
  AR      services/../utils/heap/built-in.a
  C++     apps/factory/app_testmode.o
  C++     apps/btapp/app_rssi/app_rssi.o
  CC      platform/cmsis/system_subsys.o
  CC      apps/common/app_watchdog.o
  CC      platform/hal/hal_chipid.o
  CC      apps/main/../capsensor/app_capsensor.o
  AR      platform/drivers/norflash/built-in.a
  CC      nn/cmsis-nn//Source/ActivationFunctions/arm_relu6_s8.o
  CC      platform/drivers/bt/best1306p/bt_drv_config.o
  CC      nn/cmsis-nn//Source/ActivationFunctions/arm_relu_q15.o
  CC      nn/cmsis-nn//Source/ActivationFunctions/arm_relu_q7.o
  CC      apps/anc/src/app_anc_fade.o
  CC      platform/cmsis/system_utils.o
  CC      platform/hal/hal_cmd.o
  C++     platform/cmsis/retarget_armclang.o
  C++     apps/btapp/bt_app/app_keyhandle.o
  CC      rtos/rtx5/rtx_semaphore.o
  CC      rtos/rtx5/rtx_system.o
  CC      platform/hal/hal_cmu_common.o
  CC      platform/hal/hal_codec_common.o
  CC      services/../bthost/adapter/src/bluetooth_nv_mgr.o
  C++     apps/common/app_chip_bridge.o
  C++     platform/cmsis/retarget_gcc.o
  CC      nn/cmsis-nn//Source/BasicMathFunctions/arm_elementwise_add_s16.o
  CC      rtos/rtx5/rtx_thread.o
  CC      nn/cmsis-nn//Source/BasicMathFunctions/arm_elementwise_add_s8.o
  CC      apps/anc/src/app_anc_sync.o
  CC      platform/drivers/bt/best1306p/bt_drv_patch.o
  CC      platform/hal/hal_cpudump.o
  CC      platform/drivers/bt/best1306p/bt_drv_rfconfig.o
  CC      platform/hal/hal_csi.o
  AR      services/../bthost/bt_vendor/built-in.a
  AR      apps/pwl/built-in.a
  CC      platform/drivers/bt/best1306p/bt_drv_uart_bridge_intsys.o
  CC      nn/cmsis-nn//Source/BasicMathFunctions/arm_elementwise_mul_acc_s16.o
  CC      platform/hal/hal_dma.o
  CC      platform/drivers/bt/best1306p/iqcorrect.o
  CC      rtos/rtx5/rtx_thread_dump.o
  C++     platform/drivers/bt/best1306p/bt_drv.o
  CC      platform/hal/hal_dma2d.o
  CC      services/../bthost/service/ble_app_new/src/ai_voice/ama_voice.o
  CC      services/../bthost/service/ble_app_new/src/ai_voice/customize_voice.o
  CC      nn/cmsis-nn//Source/BasicMathFunctions/arm_elementwise_mul_s16.o
A2DP_EQ_24BIT
../../services/../bthost/service/bt_app/Makefile:308: AUDIO_DRC
AUDIO_LIMITER
SPEECH_TX_AEC_CODEC_REF
SPEECH_RX_24BIT
HFP_DISABLE_NREC
MEDIA_PLAY_24BIT
  AS      platform/cmsis/retarget_armclang_asm.o
  C++     services/../bthost/service/bt_app/src/app_a2dp.o
  CC      nn/cmsis-nn//Source/BasicMathFunctions/arm_elementwise_mul_s16_batch_offset.o
  CC      apps/audioplayers/bt_sco_chain_tuning.o
  CC      services/../bthost/service/ble_app_new/src/ai_voice/dma_voice.o
  CC      platform/cmsis/DSP_Lib/BasicMathFunctions/BasicMathFunctions.o
  C++     services/audio_bt/app_ring_merge.o
  CC      platform/cmsis/DSP_Lib/BasicMathFunctions/BasicMathFunctionsF16.o
  CC      platform/cmsis/DSP_Lib/CommonTables/CommonTables.o
  AR      apps/key/built-in.a
  CC      rtos/rtx5/rtx_timer.o
  CC      services/../bthost/service/ble_app_new/src/ai_voice/gma_voice.o
  C++     services/audio_bt/audio_prompt_sbc.o
  CC      platform/cmsis/DSP_Lib/ComplexMathFunctions/ComplexMathFunctions.o
  CC      platform/hal/hal_dsi.o
  C++     apps/common/app_spec_ostimer.o
  AS      rtos/rtx5/GCC/irq_armv8mml.o
  CC      platform/hal/hal_evr.o
  AR      rtos/rtx5/GCC/built-in.a
  CC      platform/hal/hal_gamu.o
  C++     services/../bthost/service/bt_app/src/app_a2dp_stream_detect.o
  CC      nn/cmsis-nn//Source/BasicMathFunctions/arm_elementwise_mul_s16_s8.o
  CC      services/../bthost/service/ble_app_new/src/ai_voice/recording_voice.o
  CC      services/../bthost/service/ble_app_new/src/ai_voice/smart_voice.o
  CC      apps/audioplayers/bt_sco_codec_cvsd.o
  CC      platform/cmsis/DSP_Lib/CommonTables/CommonTablesF16.o
  CC      apps/audioplayers/bt_sco_codec_lc3_swb.o
  CC      rtos/rtx5/rtx_config/RTX_Config.o
  CC      apps/audioplayers/bt_sco_codec_msbc.o
  CC      nn/cmsis-nn//Source/BasicMathFunctions/arm_elementwise_mul_s8.o
  CC      platform/cmsis/DSP_Lib/ComplexMathFunctions/ComplexMathFunctionsF16.o
  CC      apps/audioplayers/bt_sco_codec_xxxx.o
  AR      platform/cmsis/DSP_Lib/BasicMathFunctions/built-in.a
  CC      platform/hal/hal_gpadc.o
  CC      services/../bthost/service/ble_app_new/src/ai_voice/tencent_voice.o
  CC      platform/hal/hal_gpio_v1.o
  CC      services/../bthost/service/ble_app_new/src/app_ble.o
  CC      apps/anc/src/app_anc_table.o
  CC      apps/anc/src/app_anc_utils.o
  AR      apps/main/../capsensor/built-in.a
  CC      apps/anc/src/peak_detector.o
  C++     services/../bthost/service/bt_app/src/app_avrcp.o
  CC      apps/audioplayers/hearing_aid.o
  AR      platform/cmsis/DSP_Lib/CommonTables/built-in.a
  CC      platform/hal/hal_gpio_v2.o
  CC      apps/audioplayers/plc_utils.o
  CC      apps/audioplayers/bt_sco_chain.o
  AR      apps/common/built-in.a
  USELIB  services/../bthost/stack/ble_stack_new/best1306p_libble_stack_new_sbc_enc_ble_gfps_anc.a
  AR      rtos/rtx5/rtx_config/built-in.a
  CC      nn/cmsis-nn//Source/BasicMathFunctions/arm_maximum_s8.o
  CC      services/../bthost/adapter/src/bt_api_export.o
  CC      nn/cmsis-nn//Source/BasicMathFunctions/arm_minimum_s8.o
  AR      services/../bthost/stack/ble_stack_new/built-in.a
  USELIB  services/../bthost/stack/bt_if/ibrt_libbt_api_sbc_enc_2m_hfp_dip_ble_gfps_anc.a
  AR      rtos/rtx5/built-in.a
  AR      platform/cmsis/DSP_Lib/ComplexMathFunctions/built-in.a
  AR      services/../bthost/stack/bt_if/built-in.a
  USELIB  services/../bthost/stack/bt_profiles/ibrt_libbt_profiles_sbc_enc_hfp_2m_dip_ble_gfps_anc.a
  CC      platform/hal/hal_i2c.o
  AR      services/../bthost/stack/bt_profiles/built-in.a
  CC      platform/cmsis/DSP_Lib/FastMathFunctions/FastMathFunctions.o
  CC      platform/cmsis/DSP_Lib/FastMathFunctions/FastMathFunctionsF16.o
  AR      platform/main/built-in.a
  LD      rtos/rtos_lib.o
  C++     services/audio_process/audio_spectrum.o
  C++     services/aiwang_services/charger_with_icp1205.o
  C++     services/aiwang_services/singleWiredUart.o
  CC      nn/cmsis-nn//Source/ConcatenationFunctions/arm_concatenation_s8_w.o
  C++     platform/drivers/bt/best1306p/bt_drv_calibration.o
  CC      services/../bthost/adapter/src/ble_api_export.o
  CC      platform/cmsis/DSP_Lib/FilteringFunctions/FilteringFunctions.o
  CC      platform/hal/hal_i2s.o
  C++     services/../bthost/adapter/test/app_bt_cmd.o
  C++     services/../bthost/adapter/test/app_ble_test.o
  AR      platform/cmsis/DSP_Lib/FastMathFunctions/built-in.a
  USELIB  services/../bthost/stack/common/ibrt_libbt_common_2m_ble_gfps_anc.a
  CC      apps/audioplayers/bt_sco_chain_cp.o
  CC      nn/cmsis-nn//Source/ConcatenationFunctions/arm_concatenation_s8_x.o
  AR      services/../bthost/stack/common/built-in.a
  AR      rtos/built-in.a
  CC      platform/hal/hal_i2s_tdm.o
  C++     apps/earbuds/app_ibrt/src/app_ibrt_ble_adv.o
  AR      apps/app_test/audio_test/built-in.a
  CC      services/capsensor/touch_wear_core.o
  CC      services/capsensor/capsensor_debug_server.o
  CC      services/capsensor/capsensor_factory_cal.o
A2DP_EQ_24BIT
../../services/../bthost/service/common/Makefile:288: AUDIO_DRC
AUDIO_LIMITER
SPEECH_TX_AEC_CODEC_REF
SPEECH_RX_24BIT
HFP_DISABLE_NREC
MEDIA_PLAY_24BIT
  CC      nn/cmsis-nn//Source/ConcatenationFunctions/arm_concatenation_s8_y.o
  CC      platform/hal/hal_intersys.o
  CC      services/../bthost/service/common/app_bt_cobuf.o
  USELIB  services/../bthost/stack/transport/ibrt_libbt_hci_sbc_enc_2m_ble_gfps_anc.a
  AR      services/../bthost/stack/transport/built-in.a
  CC      services/../bthost/service/common/bescommon.o
  AR      services/../bthost/stack/built-in.a
  CC      services/../bthost/service/common//custom_cfg/bt_iocap_cfg.o
  CC      services/capsensor/../../platform/drivers/capsensor/capsensor_driver.o
  CC      platform/hal/hal_ipc.o
  CC      nn/cmsis-nn//Source/ConcatenationFunctions/arm_concatenation_s8_z.o
  CC      platform/hal/hal_ipc_msg.o
  AR      apps/main/../../utils/codec_calib/built-in.a
  CC      platform/hal/hal_ipc_notify.o
  CC      platform/hal/hal_ipc_rmt_trace_reciver.o
  C++     services/../bthost/service/bt_app/src/app_bt.o
  C++     platform/drivers/bt/best1306p/bt_drv_reg_op.o
  CC      services/capsensor/../../platform/drivers/capsensor/best1306p/capsensor_driver_best1306p.o
  CC      services/capsensor/../../platform/drivers/capsensor/best1306p/capsensor_spi_best1306p.o
  CC      platform/hal/hal_ipc_rmt_trace_sender.o
  CC      nn/cmsis-nn//Source/ConvolutionFunctions/arm_convolve_1_x_n_s4.o
  CC      platform/hal/hal_ir.o
  CC      platform/hal/hal_key.o
  USELIB  services/capsensor/capsensor_algorithm/libcapsensor_algorithm_ble_gfps_anc.a
  CC      platform/cmsis/DSP_Lib/FilteringFunctions/FilteringFunctionsF16.o
  AR      services/capsensor/capsensor_algorithm/built-in.a
  C++     services/../bthost/service/common/besmain.o
  AR      apps/battery/built-in.a
  AR      services/capsensor/../../platform/drivers/capsensor/best1306p/built-in.a
  CC      platform/cmsis/DSP_Lib/InterpolationFunctions/InterpolationFunctions.o
  AR      services/capsensor/../../platform/drivers/capsensor/built-in.a
  CC      platform/cmsis/DSP_Lib/MatrixFunctions/MatrixFunctions.o
  CC      platform/cmsis/DSP_Lib/StatisticsFunctions/StatisticsFunctions.o
  AR      services/capsensor/built-in.a
  C++     services/../bthost/service/bt_app/src/app_bt_func.o
  CC      platform/cmsis/DSP_Lib/SupportFunctions/SupportFunctions.o
  CC      nn/cmsis-nn//Source/ConvolutionFunctions/arm_convolve_1_x_n_s8.o
  AR      apps/ota/built-in.a
  C++     services/../bthost/service/bt_app/src/app_btgatt.o
  C++     apps/audioplayers/app_audio.o
  CC      nn/cmsis-nn//Source/ConvolutionFunctions/arm_convolve_1x1_s4.o
  AR      platform/cmsis/DSP_Lib/FilteringFunctions/built-in.a
  CC      platform/hal/hal_lcdc.o
  AR      platform/cmsis/DSP_Lib/InterpolationFunctions/built-in.a
  CC      platform/hal/hal_mcu2btc.o
make[4]: Warning: File 'platform/cmsis/DSP_Lib/FilteringFunctions/built-in.a' has modification time 0.016 s in the future
  CC      platform/cmsis/DSP_Lib/StatisticsFunctions/StatisticsFunctionsF16.o
  CC      platform/hal/hal_mcu2cp_subsys.o
  CC      platform/cmsis/DSP_Lib/TransformFunctions/TransformFunctions.o
  C++     services/../bthost/service/bt_app/src/app_dip.o
  C++     services/../bthost/service/bt_app/src/app_hfp.o
  AR      apps/bt_sync/built-in.a
  CC      nn/cmsis-nn//Source/ConvolutionFunctions/arm_convolve_1x1_s4_fast.o
  AR      apps/factory/built-in.a
  CC      nn/cmsis-nn//Source/ConvolutionFunctions/arm_convolve_1x1_s8.o
  CC      services/../bthost/service/ble_app_new/src/app_custom.o
  C++     apps/earbuds/app_ibrt/src/app_ibrt_keyboard.o
  CC      platform/cmsis/DSP_Lib/MatrixFunctions/MatrixFunctionsF16.o
  CC      platform/cmsis/DSP_Lib/SupportFunctions/SupportFunctionsF16.o
  C++     services/communication/communication_svr.o
  C++     apps/audioplayers/cvsdplay.o
  AR      apps/btapp/app_rssi/built-in.a
  CC      platform/hal/hal_mcu2dsp.o
  CC      platform/hal/hal_mcu2sens.o
  C++     apps/audioplayers/digmici2splay.o
  AR      platform/cmsis/DSP_Lib/StatisticsFunctions/built-in.a
  C++     services/../bthost/service/bt_app/src/app_hid_device.o
  CC      platform/hal/hal_memsc.o
  AR      apps/mic/built-in.a
  C++     apps/audioplayers/flacplay.o
  C++     apps/audioplayers/fmradio.o
  CC      services/../bthost/service/ble_app_new/src/ble_ai_voice.o
  CC      nn/cmsis-nn//Source/ConvolutionFunctions/arm_convolve_1x1_s8_fast.o
  CC      services/gfps/src/gfps_crypto.o
  CC      platform/hal/hal_norflash.o
  AR      platform/cmsis/DSP_Lib/MatrixFunctions/built-in.a
  CC      services/hw_dsp/src/hw_filter_codec_iir.o
  AR      platform/cmsis/DSP_Lib/SupportFunctions/built-in.a
  CC      platform/hal/hal_norflash_se.o
  C++     apps/earbuds/app_ibrt/src/app_ibrt_search_pair_ui.o
  AR      apps/btapp/bt_app/built-in.a
  C++     services/../bthost/service/bt_app/src/app_hid_host.o
  CC      platform/hal/hal_norflaship_v1.o
  C++     apps/audioplayers/msbcplay.o
  CC      services/hw_dsp/src/hw_limiter_cfg.o
  C++     services/gfps/src/gfps_sass.o
  AR      apps/btapp/built-in.a
  C++     apps/audioplayers/upsampling_to_48k.o
  C++     apps/audioplayers/voicebtpcmplay_sco_dma_snapshot.o
  C++     services/gfps/src/gfps.o
  CC      nn/cmsis-nn//Source/ConvolutionFunctions/arm_convolve_even_s4.o
  CC      platform/cmsis/DSP_Lib/TransformFunctions/TransformFunctionsF16.o
  C++     apps/audioplayers/wavplay.o
  C++     services/gfps/src/gfps_ble.o
  C++     services/../bthost/service/bt_app/src/app_map.o
  C++     services/../bthost/service/bt_app/src/app_opp.o
  CC      platform/hal/hal_norflaship_v2.o
  AR      apps/anc/built-in.a
  AR      services/hw_dsp/built-in.a
  CC      platform/hal/hal_overlay.o
  C++     services/../bthost/service/bt_app/src/app_pan.o
  C++     services/../bthost/service/bt_app/src/app_pbap.o
  AR      platform/drivers/bt/best1306p/built-in.a
  C++     services/gfps/src/gfps_rfcomm.o
  CC      nn/cmsis-nn//Source/ConvolutionFunctions/arm_convolve_get_buffer_sizes_s16.o
  CC      platform/hal/hal_overlay_subsys.o
  CC      platform/hal/hal_page_spy.o
  CC      services/../bthost/service/ble_app_new/src/ble_aiwang_srv.o
  C++     services/../bthost/service/bt_app/src/app_sec.o
  AR      platform/cmsis/DSP_Lib/TransformFunctions/built-in.a
  CC      services/../bthost/service/ble_app_new/src/ble_ancc.o
  CC      services/../bthost/service/ble_app_new/src/ble_ancs.o
  C++     services/norflash_api/app_flash_api.o
  USELIB  services/../bthost/service/bt_app/src/a2dp_codecs/lib_a2dpcodecs_aac_ble_gfps_anc.a
  CC      services/../bthost/service/ble_app_new/src/ble_batt.o
  AR      services/../bthost/service/bt_app/src/a2dp_codecs/built-in.a
  CC      services/../bthost/service/ble_app_new/src/ble_cscpc.o
  AR      platform/drivers/bt/built-in.a
  AR      platform/cmsis/DSP_Lib/cmsis_dsp_lib.a
  CC      platform/hal/hal_phyif.o
  CC      platform/hal/hal_psram_v1.o
  CC      nn/cmsis-nn//Source/ConvolutionFunctions/arm_convolve_get_buffer_sizes_s4.o
  C++     services/norflash_api/norflash_api.o
  CC      platform/hal/hal_psram_v2.o
  CC      platform/hal/hal_psram_v4.o
  CC      services/../bthost/service/ble_app_new/src/ble_cscps.o
  CC      nn/cmsis-nn//Source/ConvolutionFunctions/arm_convolve_get_buffer_sizes_s8.o
  CC      services/../bthost/service/ble_app_new/src/ble_cycling_power_ctrl.o
  C++     apps/audioplayers/a2dp_decoder/a2dp_decoder.o
  C++     apps/audioplayers/audio_trigger/version1/audio_trigger_a2dp.o
  C++     apps/audioplayers/a2dp_decoder/a2dp_decoder_sbc.o
  CC      platform/hal/hal_psramuhs.o
  CC      platform/hal/hal_pwm.o
  C++     apps/audioplayers/audio_trigger/version1/audio_trigger_checker.o
  AR      apps/besui/built-in.a
  AR      platform/drivers/built-in.a
  C++     apps/audioplayers/audio_trigger/version1/audio_trigger_common.o
  CC      platform/hal/hal_rmt_ipc.o
  CC      services/../bthost/service/ble_app_new/src/ble_cycling_power_sens.o
  C++     apps/audioplayers/audio_trigger/version1/audio_trigger_ibrt.o
  CC      services/nv_section/aud_section/aud_section.o
  CC      services/nv_section/customparam_section/customparam_section.o
  CC      nn/cmsis-nn//Source/ConvolutionFunctions/arm_convolve_s16.o
  AR      services/communication/built-in.a
  CC      nn/cmsis-nn//Source/ConvolutionFunctions/arm_convolve_s4.o
  LD      platform/cmsis/DSP_Lib/cmsis_dsp.o
  CC      platform/hal/hal_sdio_device.o
  AR      services/norflash_api/built-in.a
  CC      platform/hal/hal_sdio_host.o
  CC      nn/cmsis-nn//Source/ConvolutionFunctions/arm_convolve_s8.o
  CC      services/osif/ddbif_bes.o
  CC      nn/cmsis-nn//Source/ConvolutionFunctions/arm_convolve_wrapper_s16.o
  CC      services/osif/osif_rtx.o
  CC      nn/cmsis-nn//Source/ConvolutionFunctions/arm_convolve_wrapper_s4.o
  CC      nn/cmsis-nn//Source/ConvolutionFunctions/arm_convolve_wrapper_s8.o
  AR      services/nv_section/customparam_section/built-in.a
  CC      services/nv_section/factory_section/factory_section.o
  AR      services/audio_process/built-in.a
  C++     apps/audioplayers/a2dp_decoder/a2dp_decoder_aac_lc.o
  AR      services/nv_section/aud_section/built-in.a
  CC      apps/audioplayers/a2dp_decoder/a2dp_decoder_cp.o
  CC      services/nv_section/log_section/coredump_section.o
  CC      services/../bthost/service/ble_app_new/src/ble_datapath_client.o
  CC      nn/cmsis-nn//Source/ConvolutionFunctions/arm_depthwise_conv_3x3_s8.o
  CC      services/nv_section/userdata_section/nvrecord_appmode.o
  CC      services/../bthost/service/ble_app_new/src/ble_datapath_server.o
  AR      platform/cmsis/DSP_Lib/built-in.a
  CC      platform/hal/hal_sdmmc.o
  CC      platform/hal/hal_sec_eng.o
  CC      nn/cmsis-nn//Source/ConvolutionFunctions/arm_depthwise_conv_fast_s16.o
  CC      nn/cmsis-nn//Source/ConvolutionFunctions/arm_depthwise_conv_get_buffer_sizes_s16.o
  CC      nn/cmsis-nn//Source/ConvolutionFunctions/arm_depthwise_conv_get_buffer_sizes_s4.o
  CC      services/../bthost/service/ble_app_new/src/ble_demo_app.o
  AR      services/nv_section/factory_section/built-in.a
  CC      nn/cmsis-nn//Source/ConvolutionFunctions/arm_depthwise_conv_get_buffer_sizes_s8.o
  CC      services/nv_section/log_section/crash_dump_section.o
  CC      services/../bthost/service/ble_app_new/src/ble_dip.o
make[4]: warning:  Clock skew detected.  Your build may be incomplete.
  CC      services/../bthost/service/ble_app_new/src/ble_dult.o
  CC      services/../bthost/service/ble_app_new/src/ble_findmy.o
  AR      platform/cmsis/built-in.a
  CC      services/../bthost/service/ble_app_new/src/ble_ftmc.o
  CC      services/../bthost/service/ble_app_new/src/ble_ftms.o
  C++     services/overlay/app_overlay.o
  CC      nn/cmsis-nn//Source/ConvolutionFunctions/arm_depthwise_conv_s16.o
  C++     services/ota/bes_ota/src/ota_ble.o
  AR      services/overlay/built-in.a
  CC      services/voice_dev/voice_algo.o
  CC      services/../bthost/service/ble_app_new/src/ble_gfps.o
  CC      platform/hal/hal_slave_i2c.o
  C++     services/tota_v2/app_spp_tota.o
  CC      platform/hal/hal_sleep.o
  C++     services/ota/ota_basic.o
  CC      services/nv_section/userdata_section/nvrecord_bixby_model_file.o
  CC      services/nv_section/userdata_section/nvrecord_ble.o
  CC      services/nv_section/log_section/log_section.o
  CC      services/nv_section/log_section/ramdump_section.o
  CC      nn/cmsis-nn//Source/ConvolutionFunctions/arm_depthwise_conv_s4.o
  CC      services/nv_section/userdata_section/nvrecord_bt.o
  AR      services/nv_section/log_section/built-in.a
  CC      services/nv_section/userdata_section/nvrecord_dma_config.o
  CC      services/voice_dev/voice_algo_cp.o
  CC      services/nv_section/userdata_section/nvrecord_env.o
  CC      platform/hal/hal_spdif.o
  CC      services/../bthost/service/ble_app_new/src/ble_hid_device.o
  CC      services/voice_dev/voice_dev.o
  CC      services/nv_section/userdata_section/nvrecord_extension.o
  CC      services/nv_section/userdata_section/nvrecord_findmy.o
  CC      services/nv_section/userdata_section/nvrecord_fp_account_key.o
  CC      platform/hal/hal_spi.o
  CC      platform/hal/hal_spi_norflash.o
  C++     services/tota_v2/app_tota.o
  C++     services/tota_v2/app_tota_anc.o
  CC      nn/cmsis-nn//Source/ConvolutionFunctions/arm_depthwise_conv_s4_opt.o
  C++     services/tota_v2/app_tota_audio_EQ.o
  CC      nn/cmsis-nn//Source/ConvolutionFunctions/arm_depthwise_conv_s8.o
  CC      services/../bthost/service/ble_app_new/src/ble_hid_host.o
  AR      services/osif/built-in.a
  AR      services/gfps/libgfps_crypto.a
  CC      services/voice_dev/voice_noise_est.o
  C++     services/ota/bes_ota/src/ota_config.o
  CC      platform/hal/hal_sys2bth.o
  C++     services/ota/bes_ota/src/ota_control.o
  CC      platform/hal/hal_sysfreq.o
  C++     services/ota/bes_ota/src/ota_spp.o
  AR      services/../bthost/adapter/test/built-in.a
  CC      services/../bthost/service/ble_app_new/src/ble_hrpc.o
  AR      services/../bthost/adapter/built-in.a
  CC      nn/cmsis-nn//Source/ConvolutionFunctions/arm_depthwise_conv_s8_opt.o
  C++     services/tota_v2/app_tota_audio_dump.o
  C++     services/tota_v2/app_tota_cmd_handler.o
  AR      apps/main/built-in.a
  CC      platform/hal/hal_tdm.o
  C++     services/tota_v2/app_tota_common.o
  CC      platform/hal/hal_timer.o
  CC      services/voice_dev/voice_tx_aec.o
  AR      services/aiwang_services/built-in.a
  CC      nn/cmsis-nn//Source/ConvolutionFunctions/arm_depthwise_conv_wrapper_s16.o
  CC      nn/cmsis-nn//Source/ConvolutionFunctions/arm_depthwise_conv_wrapper_s4.o
  CC      nn/cmsis-nn//Source/ConvolutionFunctions/arm_depthwise_conv_wrapper_s8.o
  AR      services/audio_bt/built-in.a
  CC      platform/hal/hal_trace.o
  CC      platform/hal/hal_trace_mod.o
  C++     services/tota_v2/app_tota_conn.o
  C++     services/tota_v2/app_tota_custom.o
  CC      services/../bthost/service/ble_app_new/src/ble_hrps.o
  CC      nn/cmsis-nn//Source/ConvolutionFunctions/arm_nn_depthwise_conv_s8_core.o
  CC      nn/cmsis-nn//Source/ConvolutionFunctions/arm_nn_mat_mult_kernel_row_offset_s8_s16.o
  C++     services/tota_v2/app_tota_data_transceiver.o
  CC      services/../bthost/service/ble_app_new/src/ble_iac.o
  CC      services/../bthost/service/ble_app_new/src/ble_ias.o
  C++     services/tota_v2/app_tota_encrypt.o
  CC      services/../bthost/service/ble_app_new/src/ble_iso.o
  CC      services/../bthost/service/ble_app_new/src/ble_mesh.o
  CC      services/../bthost/service/ble_app_new/src/ble_ota.o
  CC      nn/cmsis-nn//Source/ConvolutionFunctions/arm_nn_mat_mult_kernel_s16.o
  C++     services/tota_v2/app_tota_flash_program.o
  C++     services/tota_v2/app_tota_general.o
  C++     services/tota_v2/app_tota_if.o
  C++     services/tota_v2/app_tota_mic.o
  CC      platform/hal/hal_transq.o
  C++     services/tota_v2/tota_buffer_manager.o
  CC      platform/hal/hal_trng.o
  CC      services/../bthost/service/ble_app_new/src/ble_prf.o
  CC      services/../bthost/service/ble_app_new/src/ble_sasc.o
  CC      services/../bthost/service/ble_app_new/src/ble_sass.o
  CC      platform/hal/hal_uart.o
  CC      nn/cmsis-nn//Source/ConvolutionFunctions/arm_nn_mat_mult_kernel_s4_s16.o
  CC      services/../bthost/service/ble_app_new/src/ble_shp.o
  CC      services/../bthost/service/ble_app_new/src/ble_swift.o
  C++     services/tota_v2/tota_stream_data_transfer.o
  CC      services/../bthost/service/ble_app_new/src/ble_tile.o
  C++     services/tota_v2/tota_test.o
  CC      services/../bthost/service/ble_app_new/src/ble_tota.o
  CC      nn/cmsis-nn//Source/ConvolutionFunctions/arm_nn_mat_mult_kernel_s8_s16.o
  CC      nn/cmsis-nn//Source/ConvolutionFunctions/arm_nn_mat_mult_s8.o
  CC      services/../bthost/service/ble_app_new/src/ble_tps.o
  CC      nn/cmsis-nn//Source/ConvolutionFunctions/arm_transpose_conv_get_buffer_sizes_s8.o
  CC      nn/cmsis-nn//Source/ConvolutionFunctions/arm_transpose_conv_s8.o
  CC      services/../bthost/service/ble_app_new/src/ble_tws.o
  CC      services/../bthost/service/ble_app_new/src/ble_udp.o
  CC      services/../bthost/service/ble_app_new/src/ble_wifi_srv.o
  CC      platform/hal/hal_usb.o
  CC      nn/cmsis-nn//Source/ConvolutionFunctions/arm_transpose_conv_wrapper_s8.o
  CC      nn/cmsis-nn//Source/FullyConnectedFunctions/arm_batch_matmul_s16.o
  CC      nn/cmsis-nn//Source/FullyConnectedFunctions/arm_batch_matmul_s8.o
  CC      services/../bthost/service/ble_app_new/src/ble_wireless_trans_cli.o
  CC      nn/cmsis-nn//Source/FullyConnectedFunctions/arm_fully_connected_get_buffer_sizes_s16.o
  CC      platform/hal/hal_usbhost.o
  CC      platform/hal/hal_wdt.o
  CC      nn/cmsis-nn//Source/FullyConnectedFunctions/arm_fully_connected_get_buffer_sizes_s8.o
  AS      platform/hal/hal_sleep_core_pd.o
  CC      platform/hal/hal_mcu2cp_mcu.o
  CC      nn/cmsis-nn//Source/FullyConnectedFunctions/arm_fully_connected_per_channel_s8.o
  CC      nn/cmsis-nn//Source/FullyConnectedFunctions/arm_fully_connected_s16.o
  CC      platform/hal/best1306p/hal_analogif_best1306p.o
  CC      platform/hal/best1306p/hal_cmu_best1306p.o
  CC      platform/hal/hal_mcu2cp_cp.o
  CC      platform/hal/best1306p/hal_codec_best1306p.o
  CC      nn/cmsis-nn//Source/FullyConnectedFunctions/arm_fully_connected_s4.o
  CC      services/../bthost/service/ble_app_new/src/ble_wireless_trans_srv.o
  CC      platform/hal/best1306p/hal_iomux_best1306p.o
  CC      platform/hal/best1306p/hal_ipc_notify_api.o
  CC      nn/cmsis-nn//Source/FullyConnectedFunctions/arm_fully_connected_s8.o
  CC      services/../bthost/service/ble_app_new/src/walkie_talkie_ble_gapm_cmd.o
  CC      nn/cmsis-nn//Source/FullyConnectedFunctions/arm_fully_connected_wrapper_s8.o
  CC      nn/cmsis-nn//Source/FullyConnectedFunctions/arm_vector_sum_s8.o
  CC      platform/hal/best1306p/hal_psc_best1306p.o
  CC      nn/cmsis-nn//Source/FullyConnectedFunctions/arm_vector_sum_s8_s64.o
  CC      nn/cmsis-nn//Source/LSTMFunctions/arm_lstm_unidirectional_s16.o
  CC      nn/cmsis-nn//Source/LSTMFunctions/arm_lstm_unidirectional_s8.o
  CC      services/../bthost/service/ble_app_new/../../../utils/retention_ram/retention_ram.o
  CC      platform/hal/best1306p/hal_sec_best1306p.o
  CC      nn/cmsis-nn//Source/NNSupportFunctions/arm_nn_depthwise_conv_nt_t_padded_s8.o
  CC      nn/cmsis-nn//Source/NNSupportFunctions/arm_nn_depthwise_conv_nt_t_s16.o
  CC      nn/cmsis-nn//Source/NNSupportFunctions/arm_nn_depthwise_conv_nt_t_s4.o
  CC      nn/cmsis-nn//Source/NNSupportFunctions/arm_nn_depthwise_conv_nt_t_s8.o
  CC      nn/cmsis-nn//Source/NNSupportFunctions/arm_nn_lstm_calculate_gate_s16.o
  AR      services/voice_dev/built-in.a
  CC      nn/cmsis-nn//Source/NNSupportFunctions/arm_nn_lstm_calculate_gate_s8_s16.o
  CC      nn/cmsis-nn//Source/NNSupportFunctions/arm_nn_lstm_step_s16.o
  CC      nn/cmsis-nn//Source/NNSupportFunctions/arm_nn_lstm_step_s8.o
  CC      nn/cmsis-nn//Source/NNSupportFunctions/arm_nn_mat_mul_core_1x_s4.o
  CC      nn/cmsis-nn//Source/NNSupportFunctions/arm_nn_mat_mul_core_1x_s8.o
  CC      nn/cmsis-nn//Source/NNSupportFunctions/arm_nn_mat_mul_core_4x_s8.o
  CC      nn/cmsis-nn//Source/NNSupportFunctions/arm_nn_mat_mult_nt_interleaved_t_even_s4.o
  CC      nn/cmsis-nn//Source/NNSupportFunctions/arm_nn_mat_mult_nt_t_s16.o
  CC      nn/cmsis-nn//Source/NNSupportFunctions/arm_nn_mat_mult_nt_t_s4.o
  CC      nn/cmsis-nn//Source/NNSupportFunctions/arm_nn_mat_mult_nt_t_s8.o
  CC      nn/cmsis-nn//Source/NNSupportFunctions/arm_nn_mat_mult_nt_t_s8_s32.o
  CC      nn/cmsis-nn//Source/NNSupportFunctions/arm_nn_transpose_conv_row_s8_s32.o
  CC      nn/cmsis-nn//Source/NNSupportFunctions/arm_nn_vec_mat_mul_result_acc_s16.o
  CC      nn/cmsis-nn//Source/NNSupportFunctions/arm_nn_vec_mat_mul_result_acc_s8_s16.o
  CC      nn/cmsis-nn//Source/NNSupportFunctions/arm_nn_vec_mat_mult_t_per_ch_s8.o
  CC      nn/cmsis-nn//Source/NNSupportFunctions/arm_nn_vec_mat_mult_t_s16.o
  CC      nn/cmsis-nn//Source/NNSupportFunctions/arm_nn_vec_mat_mult_t_s16_s16.o
  CC      nn/cmsis-nn//Source/NNSupportFunctions/arm_nn_vec_mat_mult_t_s4.o
  CC      nn/cmsis-nn//Source/NNSupportFunctions/arm_nn_vec_mat_mult_t_s8.o
  CC      nn/cmsis-nn//Source/NNSupportFunctions/arm_nn_vec_mat_mult_t_svdf_s8.o
  CC      nn/cmsis-nn//Source/NNSupportFunctions/arm_nntables.o
  CC      nn/cmsis-nn//Source/NNSupportFunctions/arm_q7_to_q15_with_offset.o
  CC      nn/cmsis-nn//Source/NNSupportFunctions/arm_s8_to_s16_unordered_with_offset.o
  CC      nn/cmsis-nn//Source/PadFunctions/arm_pad_s8.o
  CC      nn/cmsis-nn//Source/PoolingFunctions/arm_avgpool_get_buffer_sizes_s16.o
  CC      nn/cmsis-nn//Source/PoolingFunctions/arm_avgpool_get_buffer_sizes_s8.o
  CC      nn/cmsis-nn//Source/PoolingFunctions/arm_avgpool_s16.o
  CC      nn/cmsis-nn//Source/PoolingFunctions/arm_avgpool_s8.o
  AR      services/nv_section/userdata_section/built-in.a
  CC      nn/cmsis-nn//Source/PoolingFunctions/arm_max_pool_s16.o
  AR      platform/hal/best1306p/built-in.a
  CC      nn/cmsis-nn//Source/PoolingFunctions/arm_max_pool_s8.o
  CC      nn/cmsis-nn//Source/ReshapeFunctions/arm_reshape_s8.o
  CC      nn/cmsis-nn//Source/SVDFunctions/arm_svdf_get_buffer_sizes_s8.o
  AR      services/gfps/built-in.a
  CC      nn/cmsis-nn//Source/SVDFunctions/arm_svdf_s8.o
  CC      nn/cmsis-nn//Source/SVDFunctions/arm_svdf_state_s16_s8.o
  CC      nn/cmsis-nn//Source/SoftmaxFunctions/arm_nn_softmax_common_s8.o
  CC      nn/cmsis-nn//Source/SoftmaxFunctions/arm_softmax_s16.o
  CC      nn/cmsis-nn//Source/SoftmaxFunctions/arm_softmax_s8.o
  CC      nn/cmsis-nn//Source/SoftmaxFunctions/arm_softmax_s8_s16.o
  CC      nn/cmsis-nn//Source/SoftmaxFunctions/arm_softmax_u8.o
  AR      services/nv_section/built-in.a
  CC      nn/cmsis-nn//Source/TransposeFunctions/arm_transpose_s8.o
  AR      apps/earbuds/built-in.a
  AR      platform/hal/built-in.a
  AR      services/../bthost/service/common/built-in.a
  AR      nn/cmsis-nn/built-in.a
  AR      apps/audioplayers/audio_trigger/version1/built-in.a
  AR      platform/built-in.a
  AR      nn/built-in.a
  AR      apps/audioplayers/a2dp_decoder/built-in.a
  AR      services/../bthost/service/ble_app_new/../../../utils/retention_ram/built-in.a
  AR      services/../bthost/service/bt_app/built-in.a
  AR      apps/audioplayers/built-in.a
  AR      services/ota/bes_ota/lib_ota_ibrt_ble_gfps_anc.a
  AR      services/ota/bes_ota/built-in.a
  AR      services/ota/built-in.a
  AR      apps/built-in.a
  AR      services/../bthost/service/ble_app_new/built-in.a
  AR      services/../bthost/service/built-in.a
  AR      services/../bthost/built-in.a
  AR      services/tota_v2/libtota_ble_gfps_anc.a
  AR      services/tota_v2/built-in.a
  AR      services/built-in.a
  CC      build_info.o
  LINK    best1306p.elf
Memory region         Used Size  Region Size  %age Used
             ROM:          0 GB        64 KB      0.00%
           FLASH:     1614228 B      4000 KB     39.41%
        FLASH_NC:       4000 KB      4000 KB    100.00%
          FLASHX:     1107360 B      4000 KB     27.04%
             RAM:      247040 B       384 KB     62.83%
            RAMX:       23232 B       384 KB      5.91%
           FRAMX:       14400 B        32 KB     43.95%
           RAMCP:        6952 B       256 KB      2.65%
          RAMCPX:       27544 B        96 KB     28.02%
  GENBIN  _best1306p.bin_org
  MODBIN  best1306p.bin
make[1]: Leaving directory '/mnt/d/common/out/best1306p'
MAKE END: 2026-06-12 10:42:25.447686670
MAKE TIME: 147.60 seconds
MAKE START: 2026-06-12 10:42:25.471557662
make[1]: Entering directory '/mnt/d/common/out/prod_test/ota_copy'
BT_SVC_FW_PRODUCT=BT_SVC_FW_PRODUCT_EARBUDS
../../../config/common.mk:6575: CHIP_SIMULATOR
----------common.mk in flash---------------------
FLASH_REMAP: 
NEW_IMAGE_FLASH_OFFSET: 
OTA_CODE_OFFSET: 0x18000
-------------------------------
-------------------------------
REVISION_INFO: :prod_test/ota_copy
-------------------------------
I2C_TASK_MODE
I2C_SIMPLE_MODE
SLEEP_STATS_TRACE
DEBUG_SLEEP_USER
WAKEUP_SRC_STATS
CACHE_STATS
SYSFREQ_STATS
TRACE_BAUD_RATE=10*115200
DEBUG_PORT=1
  LDS     _programmer_inflash.lds
  CC      utils/boot_struct/boot_struct.o
  CC      utils/libc/libc_rom.o
  CC      utils/heap/heap_api.o
  CC      utils/lzma/bes_lzma_api.o
  CC      config/prod_test/ota_copy/tgt_hardware.o
  CC      utils/libc/libc_rom_mem.o
  CC      utils/heap/multi_heap.o
  CC      utils/libc/memcmp.o
  CC      tests/programmer_ext/ota_copy/ota_copy.o
  AS      tests/programmer_inflash/../../platform/main/startup_main.o
  USELIB  tests/programmer/libprogrammer_usb.a
  CC      utils/lzma/C/LzmaDec.o
  CC      utils/heap/multi_heap_poisoning.o
  USELIB  tests/programmer_inflash/libprogrammer_inflash.a
  CC      utils/libc/strlen.o
  CC      utils/lzma/bes_lzma_utils.o
  CC      utils/heap/pool_api.o
  CC      platform/cmsis/cmsis_nvic.o
  AR      tests/programmer_inflash/built-in.a
  CC      platform/cmsis/dwt.o
  CC      platform/cmsis/mpu_armv7m.o
  CC      tests/programmer/../../utils/hwtimer_list/hwtimer_list.o
  CC      tests/programmer/../../utils/hexdump/hexdump.o
  CC      platform/cmsis/mpu_armv8m.o
  CC      tests/programmer/../../utils/crc/crc_c.o
  CC      platform/cmsis/mpu_cfg.o
  CC      tests/programmer/../../platform/drivers/norflash/norflash_drv.o
  CC      platform/cmsis/patch.o
  CC      platform/cmsis/patch_armv7m.o
  USELIB  tests/programmer/../../platform/drivers/usb/usb_dev/libusbdev.a
  CC      platform/cmsis/reloc_run.o
  CC      tests/programmer/../../platform/drivers/norflash/norflash_en25s80b.o
  CC      platform/cmsis/stack_protector.o
  CC      tests/programmer/../../platform/drivers/norflash/norflash_gd25lq32c.o
  CC      platform/cmsis/system_ARMCM.o
  AR      utils/libc/built-in.a
  CC      platform/cmsis/system_cp.o
  CC      tests/programmer/../../platform/drivers/usb/usb_dev/cfg/usb_dev_desc.o
  CC      tests/programmer/../../platform/drivers/norflash/norflash_gd25q32c.o
  CC      platform/cmsis/system_subsys.o
  CC      platform/cmsis/system_utils.o
  AR      utils/boot_struct/built-in.a
  C++     platform/cmsis/retarget_armclang.o
  C++     platform/cmsis/retarget_gcc.o
  AS      platform/cmsis/retarget_armclang_asm.o
  CC      tests/programmer/../../platform/drivers/ana/best1306p/analog_best1306p.o
  AR      tests/programmer/../../utils/hexdump/built-in.a
  CC      tests/programmer/../../platform/drivers/ana/best1306p/charger_best1306p.o
  CC      tests/programmer/../../platform/drivers/ana/best1306p/pmu_best1306p.o
  AR      tests/programmer/../../utils/crc/built-in.a
  CC      tests/programmer/../../platform/drivers/ana/best1306p/rf_xtal_best1306p.o
  AR      utils/heap/built-in.a
  AR      config/built-in.a
  AR      tests/programmer/../../utils/hwtimer_list/built-in.a
  CC      platform/hal/hal_bootmode.o
  CC      platform/hal/hal_btdump.o
  CC      platform/hal/hal_btpcm.o
  AR      tests/programmer/../../platform/drivers/usb/usb_dev/built-in.a
  CC      platform/hal/hal_cache.o
  CC      platform/hal/hal_cache_arm.o
  CC      platform/hal/hal_chipid.o
  CC      platform/hal/hal_cmd.o
  CC      platform/hal/hal_cmu_common.o
  CC      platform/hal/hal_codec_common.o
  CC      platform/hal/hal_cpudump.o
  CC      platform/hal/hal_csi.o
  CC      platform/hal/hal_dma.o
  AR      platform/cmsis/built-in.a
  CC      platform/hal/hal_dma2d.o
  CC      platform/hal/hal_dsi.o
  CC      platform/hal/hal_evr.o
  AR      tests/programmer_ext/ota_copy/libprogrammer_ext_compressed.a
  CC      platform/hal/hal_gamu.o
  CC      platform/hal/hal_gpadc.o
  CC      platform/hal/hal_gpio_v1.o
  AR      utils/lzma/built-in.a
  CC      platform/hal/hal_gpio_v2.o
  AR      tests/programmer_ext/ota_copy/built-in.a
  CC      platform/hal/hal_i2c.o
  CC      platform/hal/hal_i2s.o
  CC      platform/hal/hal_i2s_tdm.o
  AR      tests/programmer/../../platform/drivers/norflash/built-in.a
  CC      platform/hal/hal_intersys.o
  CC      platform/hal/hal_ipc.o
  CC      platform/hal/hal_ipc_msg.o
  CC      platform/hal/hal_ipc_notify.o
  CC      platform/hal/hal_ipc_rmt_trace_reciver.o
  CC      platform/hal/hal_ipc_rmt_trace_sender.o
  CC      platform/hal/hal_ir.o
  CC      platform/hal/hal_key.o
  CC      platform/hal/hal_lcdc.o
  CC      platform/hal/hal_mcu2btc.o
  CC      platform/hal/hal_mcu2cp_subsys.o
  CC      platform/hal/hal_mcu2dsp.o
  CC      platform/hal/hal_mcu2sens.o
  CC      platform/hal/hal_memsc.o
  CC      platform/hal/hal_norflash.o
  CC      platform/hal/hal_norflash_se.o
  CC      platform/hal/hal_norflaship_v1.o
  CC      platform/hal/hal_norflaship_v2.o
  CC      platform/hal/hal_overlay.o
  CC      platform/hal/hal_overlay_subsys.o
  CC      platform/hal/hal_page_spy.o
  CC      platform/hal/hal_phyif.o
  CC      platform/hal/hal_psram_v1.o
  CC      platform/hal/hal_psram_v2.o
  CC      platform/hal/hal_psram_v4.o
  CC      platform/hal/hal_psramuhs.o
  CC      platform/hal/hal_pwm.o
  CC      platform/hal/hal_rmt_ipc.o
  CC      platform/hal/hal_sdio_device.o
  CC      platform/hal/hal_sdio_host.o
  CC      platform/hal/hal_sdmmc.o
  CC      platform/hal/hal_sec_eng.o
  CC      platform/hal/hal_slave_i2c.o
  CC      platform/hal/hal_sleep.o
  CC      platform/hal/hal_spdif.o
  CC      platform/hal/hal_spi.o
  CC      platform/hal/hal_spi_norflash.o
  CC      platform/hal/hal_sys2bth.o
  AR      tests/programmer/../../platform/drivers/ana/best1306p/built-in.a
  CC      platform/hal/hal_sysfreq.o
  CC      platform/hal/hal_tdm.o
  CC      platform/hal/hal_timer.o
  CC      platform/hal/hal_trace.o
  CC      platform/hal/hal_trace_mod.o
  CC      platform/hal/hal_transq.o
  CC      platform/hal/hal_trng.o
  CC      platform/hal/hal_uart.o
  CC      platform/hal/hal_usb.o
  CC      platform/hal/hal_usbhost.o
  CC      platform/hal/hal_wdt.o
  AS      platform/hal/hal_sleep_core_pd.o
  CC      platform/hal/hal_mcu2cp_mcu.o
  CC      platform/hal/hal_mcu2cp_cp.o
  AR      tests/programmer/../../platform/drivers/ana/built-in.a
  CC      platform/hal/best1306p/hal_analogif_best1306p.o
  CC      platform/hal/best1306p/hal_cmu_best1306p.o
  CC      platform/hal/best1306p/hal_codec_best1306p.o
  CC      platform/hal/best1306p/hal_iomux_best1306p.o
  CC      platform/hal/best1306p/hal_ipc_notify_api.o
  CC      platform/hal/best1306p/hal_psc_best1306p.o
  CC      platform/hal/best1306p/hal_sec_best1306p.o
  AR      tests/programmer/built-in.a
  AR      platform/hal/best1306p/built-in.a
  AR      platform/hal/built-in.a
  CC      build_info.o
  LINK    ota_copy.elf
Memory region         Used Size  Region Size  %age Used
             ROM:          0 GB        64 KB      0.00%
           FLASH:       66284 B         4 MB      1.58%
        FLASH_NC:          0 GB         4 MB      0.00%
          FLASHX:       11136 B         4 MB      0.27%
             RAM:      326016 B       512 KB     62.18%
            RAMX:      178872 B       512 KB     34.12%
  GENBIN  ota_copy.bin
make[1]: Leaving directory '/mnt/d/common/out/prod_test/ota_copy'
MAKE END: 2026-06-12 10:42:43.466870220
MAKE TIME: 18.00 seconds
BES_OTA=1 OTA_BIN_COMPRESSED=1 SPEECH_TX_1MIC_NS=0 SPEECH_TX_AEC2FLOAT=1 BLE=1 GFPS_ENABLE=1 BLE_BATT=1 ANC_ENABLE=1 BES_LIB_DIR=lib/bes/best1306p/PRO_0015 POWER_ON_ENTER_TWS_PAIRING_ENABLED=1
